// Jest Snapshot v1, https://goo.gl/fbAQLP

exports[`Object structure Tests api result structure 1`] = `
Object {
  "bpi": Object {
    "EUR": Object {
      "code": Any<String>,
      "description": Any<String>,
      "rate": Any<String>,
      "rate_float": Any<Number>,
      "symbol": Any<String>,
    },
    "GBP": Object {
      "code": Any<String>,
      "description": Any<String>,
      "rate": Any<String>,
      "rate_float": Any<Number>,
      "symbol": Any<String>,
    },
    "USD": Object {
      "code": Any<String>,
      "description": Any<String>,
      "rate": Any<String>,
      "rate_float": Any<Number>,
      "symbol": Any<String>,
    },
  },
  "chartName": "Bitcoin",
  "disclaimer": Any<String>,
  "time": Object {
    "updated": Any<String>,
    "updatedISO": Any<String>,
    "updateduk": Any<String>,
  },
}
`;
